// Jest Snapshot v1, https://goo.gl/fbAQLP

exports[`WeatherNextDays matches snapshot 1`] = `
<div>
  <div
    class="MuiGrid-root MuiGrid-container MuiGrid-spacing-xs-2 css-1hx6p0u-MuiGrid-root"
  />
</div>
`;
